// Jest Snapshot v1, https://goo.gl/fbAQLP

exports[`Pruebas en <GifItem /> debe de hacer match con el snapshot 1`] = `
<div>
  <div
    class="card"
  >
    <img
      alt="Star Wars"
      src="http://satrwars.com/darthvader.jpg"
    />
    <p>
      Star Wars
    </p>
  </div>
</div>
`;
